| Startfile from command line: test.inp


|       ***********************************************************
|       *                 TeraChem v1.9-2024.04-dev               *
|       *                   Development Version                   *
|       *           Chemistry at the Speed of Graphics!           *
|       ***********************************************************
|       * This program may only be used in connection with        *
|       * a valid license from PetaChem, LLC. Use of this program *
|       * or results thereof indicates acceptance of all terms    *
|       * and conditions stated in the license and that a valid   *
|       * license agreement between the user and PetaChem, LLC    *
|       * exists. PetaChem, LLC does not warrant the correctness  *
|       * of results or their suitability for any purpose.        *
|       * Please email bugs, suggestions, and comments to         *
|       *                  help@petachem.com                      *
|       *                                                         *
|       ***********************************************************


|       ***********************************************************
|       *  Compiled by root         2024-04-22T01:15:48-07:00     *
|       *  Supported architecture SMs: 52 61 70 80 90             *
|       *  Build cuda_12.2.r12.2/compiler.33053471_0              *
|       *  Git Version: 96c7643c20705caf2020dcd51ef8dbe723037c5a  *
|       ***********************************************************


| Job started   Tue Aug 20 22:29:17 2024
| On fire-09-04 (available memory: 6620 MB)

| ######################################### RUNTIME INFO ##########################################
| terachem  test.inp 

|  NVRM version: NVIDIA UNIX x86_64 Kernel Module  525.89.02  Wed Feb  1 23:23:25 UTC 2023
|  GCC version:  gcc version 11.4.0 (Ubuntu 11.4.0-1ubuntu1~22.04) 

|  	linux-vdso.so.1 (0x00007fffd29c9000)
|  	libcurl.so.4 => /lib/x86_64-linux-gnu/libcurl.so.4 (0x00007f63082a6000)
|  	libz.so.1 => /home/punzueta/.conda/envs/spk/lib/libz.so.1 (0x00007f630828c000)
|  	libimf.so => /global/software/TeraChem/2024.04-intel-2023.2.0-CUDA-12.2.1/lib/libimf.so (0x00007f6307ea2000)
|  	libm.so.6 => /lib/x86_64-linux-gnu/libm.so.6 (0x00007f6307db9000)
|  	libmpi.so.12 => /global/software/TeraChem/2024.04-intel-2023.2.0-CUDA-12.2.1/lib/libmpi.so.12 (0x00007f6306200000)
|  	libdftbplus.so => /global/software/TeraChem/2024.04-intel-2023.2.0-CUDA-12.2.1/lib/libdftbplus.so (0x00007f6305ea8000)
|  	libfsockets.so => /global/software/TeraChem/2024.04-intel-2023.2.0-CUDA-12.2.1/lib/libfsockets.so (0x00007f6307db3000)
|  	libxmlf90.so => /global/software/TeraChem/2024.04-intel-2023.2.0-CUDA-12.2.1/lib/libxmlf90.so (0x00007f6307d88000)
|  	libthcbox.so.1 => /global/software/TeraChem/2024.04-intel-2023.2.0-CUDA-12.2.1/lib/libthcbox.so.1 (0x00007f630408b000)
|  	libOpenMM.so => /global/software/TeraChem/2024.04-intel-2023.2.0-CUDA-12.2.1/lib/libOpenMM.so (0x00007f6303c31000)
|  	libnvToolsExt.so.1 => /global/software/TeraChem/2024.04-intel-2023.2.0-CUDA-12.2.1/lib/libnvToolsExt.so.1 (0x00007f6303a00000)
|  	libgpubox.so.1 => /global/software/TeraChem/2024.04-intel-2023.2.0-CUDA-12.2.1/lib/libgpubox.so.1 (0x00007f6307d7b000)
|  	libcpubox.so.1 => /global/software/TeraChem/2024.04-intel-2023.2.0-CUDA-12.2.1/lib/libcpubox.so.1 (0x00007f6307d75000)
|  	libtensorbox.so.1 => /global/software/TeraChem/2024.04-intel-2023.2.0-CUDA-12.2.1/lib/libtensorbox.so.1 (0x00007f6307d59000)
|  	libiobox.so.1 => /global/software/TeraChem/2024.04-intel-2023.2.0-CUDA-12.2.1/lib/libiobox.so.1 (0x00007f6307d51000)
|  	libintbox.so.1 => /global/software/TeraChem/2024.04-intel-2023.2.0-CUDA-12.2.1/lib/libintbox.so.1 (0x00007f62ab8a9000)
|  	libatmx2cbox.so.1 => /global/software/TeraChem/2024.04-intel-2023.2.0-CUDA-12.2.1/lib/libatmx2cbox.so.1 (0x00007f62ab7e8000)
|  	libperiodicbox.so.1 => /global/software/TeraChem/2024.04-intel-2023.2.0-CUDA-12.2.1/lib/libperiodicbox.so.1 (0x00007f62a431f000)
|  	libsqmbox.so.1 => /global/software/TeraChem/2024.04-intel-2023.2.0-CUDA-12.2.1/lib/libsqmbox.so.1 (0x00007f62a3f73000)
|  	libgridbox.so.1 => /global/software/TeraChem/2024.04-intel-2023.2.0-CUDA-12.2.1/lib/libgridbox.so.1 (0x00007f62a1ba9000)
|  	libdftbox.so.1 => /global/software/TeraChem/2024.04-intel-2023.2.0-CUDA-12.2.1/lib/libdftbox.so.1 (0x00007f62a1ab5000)
|  	libcibox.so.1 => /global/software/TeraChem/2024.04-intel-2023.2.0-CUDA-12.2.1/lib/libcibox.so.1 (0x00007f62a1469000)
|  	libccbox.so.1 => /global/software/TeraChem/2024.04-intel-2023.2.0-CUDA-12.2.1/lib/libccbox.so.1 (0x00007f62a0fd8000)
|  	libsimbox.so.1 => /global/software/TeraChem/2024.04-intel-2023.2.0-CUDA-12.2.1/lib/libsimbox.so.1 (0x00007f6307d32000)
|  	liboptbox.so.1 => /global/software/TeraChem/2024.04-intel-2023.2.0-CUDA-12.2.1/lib/liboptbox.so.1 (0x00007f6307cfd000)
|  	libprotobuf.so.25 => /global/software/TeraChem/2024.04-intel-2023.2.0-CUDA-12.2.1/lib/libprotobuf.so.25 (0x00007f62a0d05000)
|  	libcommbox.so.1 => /global/software/TeraChem/2024.04-intel-2023.2.0-CUDA-12.2.1/lib/libcommbox.so.1 (0x00007f62a0ca4000)
|  	libssl.so.3 => /home/punzueta/.conda/envs/spk/lib/libssl.so.3 (0x00007f62a0c01000)
|  	libcrypto.so.3 => /home/punzueta/.conda/envs/spk/lib/libcrypto.so.3 (0x00007f62a07ab000)
|  	libcuda.so.1 => /lib/x86_64-linux-gnu/libcuda.so.1 (0x00007f629eacb000)
|  	libcudart.so.12 => /global/software/TeraChem/2024.04-intel-2023.2.0-CUDA-12.2.1/lib/libcudart.so.12 (0x00007f629e800000)
|  	libcublas.so.12 => /global/software/TeraChem/2024.04-intel-2023.2.0-CUDA-12.2.1/lib/libcublas.so.12 (0x00007f6298000000)
|  	libcufft.so.11 => /global/software/TeraChem/2024.04-intel-2023.2.0-CUDA-12.2.1/lib/libcufft.so.11 (0x00007f628d200000)
|  	libcusparse.so.12 => /global/software/TeraChem/2024.04-intel-2023.2.0-CUDA-12.2.1/lib/libcusparse.so.12 (0x00007f627d400000)
|  	libcusolver.so.11 => /global/software/TeraChem/2024.04-intel-2023.2.0-CUDA-12.2.1/lib/libcusolver.so.11 (0x00007f6276200000)
|  	libcublasLt.so.12 => /global/software/TeraChem/2024.04-intel-2023.2.0-CUDA-12.2.1/lib/libcublasLt.so.12 (0x00007f6253a00000)
|  	libsvml.so => /global/software/TeraChem/2024.04-intel-2023.2.0-CUDA-12.2.1/lib/libsvml.so (0x00007f62523d1000)
|  	libirng.so => /global/software/TeraChem/2024.04-intel-2023.2.0-CUDA-12.2.1/lib/libirng.so (0x00007f6252000000)
|  	libstdc++.so.6 => /home/punzueta/.conda/envs/spk/lib/libstdc++.so.6 (0x00007f627d24c000)
|  	libiomp5.so => /global/software/TeraChem/2024.04-intel-2023.2.0-CUDA-12.2.1/lib/libiomp5.so (0x00007f6251a00000)
|  	libcilkrts.so.5 => /global/software/TeraChem/2024.04-intel-2023.2.0-CUDA-12.2.1/lib/libcilkrts.so.5 (0x00007f6251600000)
|  	libgcc_s.so.1 => /home/punzueta/.conda/envs/spk/lib/libgcc_s.so.1 (0x00007f6307cde000)
|  	libintlc.so.5 => /global/software/TeraChem/2024.04-intel-2023.2.0-CUDA-12.2.1/lib/libintlc.so.5 (0x00007f6297f88000)
|  	libc.so.6 => /lib/x86_64-linux-gnu/libc.so.6 (0x00007f62513d7000)
|  	/lib64/ld-linux-x86-64.so.2 (0x00007f630835c000)
|  	libnghttp2.so.14 => /lib/x86_64-linux-gnu/libnghttp2.so.14 (0x00007f629e7d6000)
|  	libidn2.so.0 => /lib/x86_64-linux-gnu/libidn2.so.0 (0x00007f6303c10000)
|  	librtmp.so.1 => /lib/x86_64-linux-gnu/librtmp.so.1 (0x00007f629eaac000)
|  	libssh.so.4 => /lib/x86_64-linux-gnu/libssh.so.4 (0x00007f6276193000)
|  	libpsl.so.5 => /lib/x86_64-linux-gnu/libpsl.so.5 (0x00007f629e7c2000)
|  	libgssapi_krb5.so.2 => /lib/x86_64-linux-gnu/libgssapi_krb5.so.2 (0x00007f6297f34000)
|  	libldap-2.5.so.0 => /lib/x86_64-linux-gnu/libldap-2.5.so.0 (0x00007f628d1a1000)
|  	liblber-2.5.so.0 => /lib/x86_64-linux-gnu/liblber-2.5.so.0 (0x00007f6276182000)
|  	libzstd.so.1 => /home/punzueta/.conda/envs/spk/lib/libzstd.so.1 (0x00007f6251f3c000)
|  	libbrotlidec.so.1 => /home/punzueta/.conda/envs/spk/lib/libbrotlidec.so.1 (0x00007f6276174000)
|  	librt.so.1 => /lib/x86_64-linux-gnu/librt.so.1 (0x00007f6307cd3000)
|  	libdl.so.2 => /lib/x86_64-linux-gnu/libdl.so.2 (0x00007f6303c0b000)
|  	libifport.so.5 => /global/software/TeraChem/2024.04-intel-2023.2.0-CUDA-12.2.1/lib/libifport.so.5 (0x00007f627614a000)
|  	libifcoremt.so.5 => /global/software/TeraChem/2024.04-intel-2023.2.0-CUDA-12.2.1/lib/libifcoremt.so.5 (0x00007f6251886000)
|  	libpthread.so.0 => /lib/x86_64-linux-gnu/libpthread.so.0 (0x00007f627d247000)
|  	libnvJitLink.so.12 => /global/software/TeraChem/2024.04-intel-2023.2.0-CUDA-12.2.1/lib/libnvJitLink.so.12 (0x00007f624e200000)
|  	libunistring.so.2 => /lib/x86_64-linux-gnu/libunistring.so.2 (0x00007f624e056000)
|  	libgnutls.so.30 => /lib/x86_64-linux-gnu/libgnutls.so.30 (0x00007f624de6b000)
|  	libhogweed.so.6 => /lib/x86_64-linux-gnu/libhogweed.so.6 (0x00007f6252389000)
|  	libnettle.so.8 => /lib/x86_64-linux-gnu/libnettle.so.8 (0x00007f6252343000)
|  	libgmp.so.10 => /lib/x86_64-linux-gnu/libgmp.so.10 (0x00007f6251eba000)
|  	libkrb5.so.3 => /lib/x86_64-linux-gnu/libkrb5.so.3 (0x00007f624dda0000)
|  	libk5crypto.so.3 => /lib/x86_64-linux-gnu/libk5crypto.so.3 (0x00007f6251e8b000)
|  	libcom_err.so.2 => /lib/x86_64-linux-gnu/libcom_err.so.2 (0x00007f6276144000)
|  	libkrb5support.so.0 => /lib/x86_64-linux-gnu/libkrb5support.so.0 (0x00007f6276136000)
|  	libsasl2.so.2 => /lib/x86_64-linux-gnu/libsasl2.so.2 (0x00007f6252328000)
|  	libbrotlicommon.so.1 => /home/punzueta/.conda/envs/spk/lib/./libbrotlicommon.so.1 (0x00007f6251e68000)
|  	libp11-kit.so.0 => /lib/x86_64-linux-gnu/libp11-kit.so.0 (0x00007f624dc65000)
|  	libtasn1.so.6 => /lib/x86_64-linux-gnu/libtasn1.so.6 (0x00007f6251e50000)
|  	libkeyutils.so.1 => /lib/x86_64-linux-gnu/libkeyutils.so.1 (0x00007f627612f000)
|  	libresolv.so.2 => /lib/x86_64-linux-gnu/libresolv.so.2 (0x00007f6251872000)
|  	libffi.so.8 => /home/punzueta/.conda/envs/spk/lib/libffi.so.8 (0x00007f625231c000)
| #################################################################################################

| Checking Amazon Cloud instance ID...   Not found
| Cannot find license.dat file /global/software/TeraChem/2024.04-intel-2023.2.0-CUDA-12.2.1/license.dat


| TRYING THE NETWORK LICENSE...
| Connecting to license server '54.208.252.40' port '8877'...
| Connected!
| Checking your license...

| **************************************************************
|  Greetings, Martinez Group! You have 1000 licenses in total
|  IN USE: 43
|  AVAILABLE: 957
| **************************************************************

-----------------------------------
Processed Input file:
              coordinates geom.xyz
                   charge 0
                 spinmult 1
                    basis def2-svp
                   method pbe
                   dftbox yes
                  dftgrid 4
                  threall 1e-14
                precision mixed
                 convthre 1e-7
                    maxit 100
                    guess sad
                   purify no
                      cis yes
             cisnumstates 5
             cisguessvecs 5
                cistarget 1
               cismaxiter 100
                      run energy
-----------------------------------
Jobname: geom
Scratch data will be generated
Scratch directory: ./scr.geom
| Random number seed: 365668910

XYZ coordinates geom.xyz
Molden File Output: ./scr.geom/geom.molden
Using basis set: def2-svp
dmrgstart not found
Spin multiplicity: 1
DIIS will use up to 10 vectors.
Condition number limit for the DIIS overlap matrix is            0
WF convergence threshold: 1.00e-07
Using DIIS algorithm to converge WF
Maximum number of SCF iterations: 100
Incremental fock with rebuild every 8 iterations
Will switch to conventional Fock if diffuse functions are detected
X-matrix tolerance: 1.00e-04
PRECISION: MIXED
Single/Double precision threshold: 1.00e-05
TeraChem will select linear algebra engine
Density matrix guess purification turned off
DFT Functional requested: pbe
Method: PBE 
  PBE exchange functional:    1.0 
  PBE correlation functional: 1.0 
Wavefunction: RESTRICTED
DFT and TDDFT calculations will be using DftBox
DFT grid type: 4
Using a single DFT grid.
Initial guess generated from superposition of atomic densities generated with HF,
using spherically symmetric atomic densities and averaged alpha and beta spin densities.

********************************************
***** SINGLE POINT ENERGY CALCULATIONS *****
********************************************
Starting TensorBox...
| TeraChem will select linear algebra engine
| Using cuSolver for matrix diagonalization

| using 3 out of 3 CUDA devices
|   Device 0: NVIDIA GeForce RTX 3090 Ti, 24247MB, CC 8.6 -- CPU THREAD 0
|   Device 1: NVIDIA GeForce RTX 3090 Ti, 24247MB, CC 8.6 -- CPU THREAD 1
|   Device 2: NVIDIA GeForce RTX 3090 Ti, 24247MB, CC 8.6 -- CPU THREAD 2
| -------------------------------------------------------------------
| CPU Memory Available: 18127.88 MegaWords 
| GPU Memory Available: 2774.97 MegaWords 
| Maximum recommended basis set size: 19400 basis functions
|  (limited by GPU memory)
| -------------------------------------------------------------------
| Initialize GPUBox with 128 MW of memory

****** QM coordinates ******
H         1.1610000000         0.0661000000         1.0238000000  
C         0.6579000000        -0.0045000000         0.0639000000  
H         1.3352000000        -0.0830000000        -0.7815000000  
C        -0.6579000000         0.0045000000        -0.0639000000  
H        -1.3355000000         0.0830000000         0.7812000000  
H        -1.1608000000        -0.0661000000        -1.0239000000  

Basis set:       def2-svp
Total atoms:     6
Total charge:    0
Total electrons: 16 (8-alpha, 8-beta)
Number electrons modeled by ECPs: 0
Total orbitals:  50
Total AO shells: 24 (14 S-shells; 8 P-shells; 2 D-shells; 0 F-shells; 0 G-shells)
Spin multiplicity: 1
Nuclear repulsion energy (QM atoms): 33.439188024729 a.u.

Using neutral atomic charges and default spins and spin directions.
Number of unique atoms is: 2 
Atom #1 is unique. Calculating atomic density. 
Atom #2 is unique. Calculating atomic density. 
Setting up the DFT grid...
| time to set the grid = 0.02 s
DFT grid points: 185907 (30984 points/atom)

                      *** Start SCF Iterations ***

 Iter     DIIS Error       Energy change      Electrons        XC Energy           Energy        Time(s)
----------------------------------------------------------------------------------------------------------
| Skip purify step
|    1     2.4418052863     -78.5152850816    15.9979091532   -11.8623500020     -78.5152850816     0.22  
|    2     0.2104607230      +0.1991274966    16.0000000203   -12.4272695436     -78.3161575851     0.50  
|    3     0.2496009076      +0.0412606521    16.0000000489   -11.8510483968     -78.2748969330     0.27  
|    4     0.0039706154      -0.1381141840    16.0000000355   -12.1452634833     -78.4130111170     0.27  
|    5     0.0013310487      -0.0000312903    16.0000000353   -12.1477462448     -78.4130424073     0.27  
|    6     0.0001170493      -0.0000026974    16.0000000354   -12.1472519485     -78.4130451047     0.27  
|    7     0.0000988577      -0.0000000277    16.0000000354   -12.1473556438     -78.4130451324     0.27  
|    8     0.0000551194      -0.0000000103    16.0000000354   -12.1473619888     -78.4130451427     0.28  
|    9     0.0000004076      -0.0000000038    16.0000000354   -12.1473671197     -78.4130451465     0.27  
|   10     0.0000000257      -0.0000000000    16.0000000354   -12.1473666429     -78.4130451465     0.22  
----------------------------------------------------------------------------------------------------------
FINAL ENERGY: -78.4130451465 a.u.
HOMO-LUMO GAP: 5.952 eV
CENTER OF MASS: {-0.000004, 0.000000, -0.000014} ANGS
DIPOLE MOMENT: {-0.000048, 0.000015, -0.000063} (|D| = 0.000080) DEBYE
Writing out molden info

Running Mulliken population analysis...


  Restricted CIS Parameters
--------------------------------------------
Number of occupied orbitals:             8
Number of virtual orbitals:             42
Number of molecular orbitals:           50
Number of basis functions:              50
Multiplicity of target state:      singlet

      Davidson Diagonalization Parameters
-----------------------------------------------
Number of roots to find:                    5
Number of guess vectors:                    5
Maximum subspace size:                     50
Number of vectors to save:                  5
Collapse vectors per root:                  2
Number of CSFs:                           336
Maximum Davidson iterations:              100
Residual convergence:                 1.0e-04
Orthogonality tolerance:              1.0e-12
Use incremental sigma vectors:             No

Davidson memory usage: 352.29 kB

Guess Vectors:
  8 ->  9 : D -> V :     0.218734
  7 ->  9 : D -> V :     0.279408
  8 -> 10 : D -> V :     0.310856
  8 -> 11 : D -> V :     0.325375
  8 -> 12 : D -> V :     0.338303

  Root           Eigenvalue       Energy Change        Residual
-------------------------------------------------------------------
Iteration:    0   Subspace Size:    5
Root: 1:         0.28880694         0.28880694         0.02940933  
Root: 2:         0.31658860         0.31658860         0.04398236  
Root: 3:         0.32822520         0.32822520         0.01588746  
Root: 4:         0.34734862         0.34734862         0.04939922  
Root: 5:         0.40965671         0.40965671         0.27004516  

Iteration:    1   Subspace Size:   10
Root: 1:         0.28824592        -0.00056102         0.00019001  
Root: 2:         0.31461797        -0.00197063         0.00290839  
Root: 3:         0.32805661        -0.00016859         0.00008312  Converged
Root: 4:         0.33634832        -0.01100030         0.02484253  
Root: 5:         0.34429976        -0.06535695         0.02143075  

Iteration:    2   Subspace Size:   14
Root: 1:         0.28824590        -0.00000002         0.00000120  Converged
Root: 2:         0.31461002        -0.00000794         0.00004545  Converged
Root: 3:         0.32805661        -0.00000000         0.00002744  Converged
Root: 4:         0.33458896        -0.00175936         0.00927546  
Root: 5:         0.34374253        -0.00055722         0.00081309  

Iteration:    3   Subspace Size:   16
Root: 1:         0.28824590        -0.00000000         0.00000119  Converged
Root: 2:         0.31461002        -0.00000000         0.00004545  Converged
Root: 3:         0.32805661        -0.00000000         0.00002730  Converged
Root: 4:         0.33446890        -0.00012006         0.00148872  
Root: 5:         0.34374201        -0.00000053         0.00001705  Converged

Iteration:    4   Subspace Size:   17
Root: 1:         0.28824590        -0.00000000         0.00000119  Converged
Root: 2:         0.31461002        -0.00000000         0.00004545  Converged
Root: 3:         0.32805661        -0.00000000         0.00002730  Converged
Root: 4:         0.33446751        -0.00000139         0.00005806  Converged
Root: 5:         0.34374201        -0.00000000         0.00001705  Converged

Davidson converged in 4 iterations
17 sigma vectors were formed

  Root   Total Energy (a.u.)   Ex. Energy (a.u.)     Ex. Energy (eV)     Ex. Energy (nm)
-----------------------------------------------------------------------------------------
     1        -78.12479925          0.28824590          7.84356860        158.07118798
     2        -78.09843512          0.31461002          8.56097287        144.82491957
     3        -78.08498854          0.32805661          8.92687304        138.88874646
     4        -78.07857764          0.33446751          9.10132250        136.22659867
     5        -78.06930314          0.34374201          9.35369439        132.55107073

Unrelaxed excited state dipole moments:

  Root       Dx         Dy         Dz         |D|  (Debye)
------------------------------------------------------------
     1    -0.0005     0.0000    -0.0007     0.0009
     2    -0.0020     0.0007     0.0090     0.0092
     3     0.0004    -0.0007    -0.0086     0.0086
     4     0.0000     0.0000    -0.0002     0.0002
     5     0.0020    -0.0001    -0.0011     0.0023

Transition dipole moments:

  Root       Tx         Ty         Tz         |T| (a.u.)
----------------------------------------------------------
     1    -0.0000     0.0000    -0.0000     0.0000
     2    -0.0022    -0.1402     0.0114     0.1407
     3     0.0001    -0.0001     0.0000     0.0001
     4    -1.5501     0.0107    -0.1506     1.5574
     5     0.0001     0.0000    -0.0000     0.0001

Transition dipole moments between excited states:

    Transition       Tx         Ty         Tz         |T| (a.u.)
------------------------------------------------------------------
     1 ->    2     0.0148    -0.0126    -0.1529     0.1541
     1 ->    3     0.0000     0.0000     0.0001     0.0001
     1 ->    4    -0.0000    -0.0000     0.0001     0.0001
     1 ->    5     0.0001     0.0000     0.0000     0.0001
     2 ->    3     0.2194    -0.1867    -2.2604     2.2787
     2 ->    4    -0.0001     0.0000    -0.0001     0.0002
     2 ->    5    -2.6162     0.0176    -0.2551     2.6287
     3 ->    4    -0.0000     0.0000     0.0002     0.0002
     3 ->    5    -0.0028     0.0000    -0.0002     0.0028
     4 ->    5    -0.0002    -0.0314     0.0026     0.0315

Velocity transition dipole moments:

  Root       Tx         Ty         Tz         |T| (a.u.)
----------------------------------------------------------
     1     0.0000    -0.0000     0.0000     0.0000
     2     0.0014     0.0922    -0.0075     0.0926
     3    -0.0000     0.0001    -0.0000     0.0001
     4     0.1872    -0.0013     0.0182     0.1881
     5    -0.0000    -0.0000     0.0000     0.0000

Magnetic transition dipole moments and rotational strengths:

  Root       Lx         Ly         Lz       R(len)     R(vel) (a.u.)
--------------------------------------------------------------------
     1    -1.3722     0.0093    -0.1331    -0.0000    -0.0000
     2     0.0000    -0.0000     0.0001    -0.0000    -0.0000
     3    -0.0988     0.0007    -0.0098     0.0000     0.0000
     4     0.0000     0.0001    -0.0000     0.0000     0.0000
     5    -0.0555     0.0475     0.5748     0.0000     0.0000


Electric transition quadrupole moments (Cartesian):

   Root       Qxy        Qxz        Qyz        Qxx        Qyy        Qzz       norm (a.u.)
--------------------------------------------------------------------------------------------
     1     0.0917    -0.0219    -0.9556     0.0028    -0.1589     0.1562     0.9857
     2    -0.0000    -0.0000     0.0001     0.0000     0.0000    -0.0000     0.0001
     3     0.0271    -0.0064    -0.2798     0.0008    -0.0465     0.0457     0.2886
     4     0.0000     0.0003    -0.0000     0.0001     0.0000     0.0000     0.0003
     5    -0.6992     0.0558    -0.0685    -0.0207     0.0093     0.0109     0.7052

Root 1: Largest CI coefficients:
  7 ->  9 : D -> V :  -0.994118
  8 -> 11 : D -> V :   0.106189

Root 2: Largest CI coefficients:
  8 -> 10 : D -> V :   0.997648

Root 3: Largest CI coefficients:
  8 -> 11 : D -> V :   0.994280
  7 ->  9 : D -> V :   0.105940

Root 4: Largest CI coefficients:
  8 ->  9 : D -> V :   0.951389
  6 -> 14 : D -> V :  -0.140691
  4 -> 10 : D -> V :   0.127722
  5 -> 13 : D -> V :   0.126296
  7 -> 16 : D -> V :  -0.112247
  8 -> 20 : D -> V :   0.107011

Root 5: Largest CI coefficients:
  8 -> 12 : D -> V :  -0.961402
  6 ->  9 : D -> V :   0.270553

  Final Excited State Results:

  Root   Total Energy (a.u.)   Ex. Energy (eV)   Osc. (a.u.)   < S^2 >   Max CI Coeff.      Excitation
------------------------------------------------------------------------------------------------------------
     1         -78.12479925        7.84356860       0.0000      0.0000     -0.994118     7 ->  9 : D -> V
     2         -78.09843512        8.56097287       0.0042      0.0000      0.997648     8 -> 10 : D -> V
     3         -78.08498854        8.92687304       0.0000      0.0000      0.994280     8 -> 11 : D -> V
     4         -78.07857764        9.10132250       0.5408      0.0000      0.951389     8 ->  9 : D -> V
     5         -78.06930314        9.35369439       0.0000      0.0000     -0.961402     8 -> 12 : D -> V

| Total processing time: 7.95 sec 

| Job finished: Tue Aug 20 22:29:40 2024

