Startfile from command line: misc_options


       ***********************************************************
       *                    TeraChem v1.9-2023.11-dev            *
       *                 Hg Version: 53d3828102e3abee16536d3e581f79b9556c0cac*
       *                   Development Version                   *
       *           Chemistry at the Speed of Graphics!           *
       ***********************************************************
       * This program may only be used in connection with        *
       * a valid license from PetaChem, LLC. Use of this program *
       * or results thereof indicates acceptance of all terms    *
       * and conditions stated in the license and that a valid   *
       * license agreement between the user and PetaChem, LLC    *
       * exists. PetaChem, LLC does not warrant the correctness  *
       * of results or their suitability for any purpose.        *
       * Please email bugs, suggestions, and comments to         *
       *                  help@petachem.com                      *
       *                                                         *
       ***********************************************************


       ***********************************************************
       *  Compiled by admin        Sun Nov 26 10:37:11 AM PST 2023  *
       *  Supported architectures: sm_52 sm_61 sm_70 sm_80       *
       *  Build cuda_11.8.r11.8/compiler.31833905_0              *
       ***********************************************************


 Job started   Tue Aug 27 15:30:12 2024
 On fire-11-05 (available memory: 319313 MB)

######################################### RUNTIME INFO ##########################################
terachem misc_options 

NVRM version: NVIDIA UNIX x86_64 Kernel Module  525.89.02  Wed Feb  1 23:23:25 UTC 2023
GCC version:  gcc version 11.4.0 (Ubuntu 11.4.0-1ubuntu1~22.04) 

	linux-vdso.so.1 (0x00007fff746df000)
	libcurl.so.4 => /lib/x86_64-linux-gnu/libcurl.so.4 (0x00007f4f7b4fa000)
	libmpi.so.12 => /global/software/intel/2023.2.0/mpi/2021.10.0/lib/release/libmpi.so.12 (0x00007f4f79a00000)
	libdftbplus.so => /global/software/TeraChem/2021.02-intel-2023.2.0-CUDA-11.8.0/lib/libdftbplus.so (0x00007f4f796a8000)
	libfsockets.so => /global/software/TeraChem/2021.02-intel-2023.2.0-CUDA-11.8.0/lib/libfsockets.so (0x00007f4f7b4f2000)
	libxmlf90.so => /global/software/TeraChem/2021.02-intel-2023.2.0-CUDA-11.8.0/lib/libxmlf90.so (0x00007f4f7967d000)
	libthcbox.so.1 => /global/software/TeraChem/2021.02-intel-2023.2.0-CUDA-11.8.0/lib/libthcbox.so.1 (0x00007f4f77ebf000)
	libOpenMM.so => /global/software/OpenMM/7.4.2-intel-2022.1.2-CUDA-11.8.0/lib/libOpenMM.so (0x00007f4f77a65000)
	libgpubox.so.1 => /global/software/TeraChem/2021.02-intel-2023.2.0-CUDA-11.8.0/lib/libgpubox.so.1 (0x00007f4f7b4d7000)
	libtensorbox.so.1 => /global/software/TeraChem/2021.02-intel-2023.2.0-CUDA-11.8.0/lib/libtensorbox.so.1 (0x00007f4f77a49000)
	libmoleculebox.so.1 => /global/software/TeraChem/2021.02-intel-2023.2.0-CUDA-11.8.0/lib/libmoleculebox.so.1 (0x00007f4f77a31000)
	libintbox.so.1 => /global/software/TeraChem/2021.02-intel-2023.2.0-CUDA-11.8.0/lib/libintbox.so.1 (0x00007f4f5a005000)
	libsqmbox.so.1 => /global/software/TeraChem/2021.02-intel-2023.2.0-CUDA-11.8.0/lib/libsqmbox.so.1 (0x00007f4f59cbe000)
	libgridbox.so.1 => /global/software/TeraChem/2021.02-intel-2023.2.0-CUDA-11.8.0/lib/libgridbox.so.1 (0x00007f4f599c9000)
	libdftbox.so.1 => /global/software/TeraChem/2021.02-intel-2023.2.0-CUDA-11.8.0/lib/libdftbox.so.1 (0x00007f4f598ea000)
	libcibox.so.1 => /global/software/TeraChem/2021.02-intel-2023.2.0-CUDA-11.8.0/lib/libcibox.so.1 (0x00007f4f593d0000)
	libccbox.so.1 => /global/software/TeraChem/2021.02-intel-2023.2.0-CUDA-11.8.0/lib/libccbox.so.1 (0x00007f4f591a6000)
	libsimbox.so.1 => /global/software/TeraChem/2021.02-intel-2023.2.0-CUDA-11.8.0/lib/libsimbox.so.1 (0x00007f4f59188000)
	liboptbox.so.1 => /global/software/TeraChem/2021.02-intel-2023.2.0-CUDA-11.8.0/lib/liboptbox.so.1 (0x00007f4f5914a000)
	libsandboxbox.so.1 => /global/software/TeraChem/2021.02-intel-2023.2.0-CUDA-11.8.0/lib/libsandboxbox.so.1 (0x00007f4f59138000)
	libprotobuf.so.25 => /global/software/protobuf/3.14.0/lib/libprotobuf.so.25 (0x00007f4f58e65000)
	libcommbox.so.1 => /global/software/TeraChem/2021.02-intel-2023.2.0-CUDA-11.8.0/lib/libcommbox.so.1 (0x00007f4f58e05000)
	libcuda.so.1 => /lib/x86_64-linux-gnu/libcuda.so.1 (0x00007f4f57125000)
	libcudart.so.11.0 => /global/software/TeraChem/2021.02-intel-2023.2.0-CUDA-11.8.0/lib/libcudart.so.11.0 (0x00007f4f56e00000)
	libcublas.so.11 => /global/software/TeraChem/2021.02-intel-2023.2.0-CUDA-11.8.0/lib/libcublas.so.11 (0x00007f4f51000000)
	libcufft.so.10 => /global/software/TeraChem/2021.02-intel-2023.2.0-CUDA-11.8.0/lib/libcufft.so.10 (0x00007f4f40000000)
	libcusparse.so.11 => /global/software/TeraChem/2021.02-intel-2023.2.0-CUDA-11.8.0/lib/libcusparse.so.11 (0x00007f4f2f200000)
	libcrypto.so.3 => /home/punzueta/.conda/envs/spk/lib/libcrypto.so.3 (0x00007f4f2edaa000)
	libssl.so.3 => /home/punzueta/.conda/envs/spk/lib/libssl.so.3 (0x00007f4f56d5d000)
	libstdc++.so.6 => /home/punzueta/.conda/envs/spk/lib/libstdc++.so.6 (0x00007f4f2ebf6000)
	libm.so.6 => /lib/x86_64-linux-gnu/libm.so.6 (0x00007f4f56c76000)
	libiomp5.so => /global/software/intel/2023.2.0/compiler/2023.2.0/linux/compiler/lib/intel64_lin/libiomp5.so (0x00007f4f2e600000)
	libcilkrts.so.5 => /global/software/TeraChem/2021.02-intel-2023.2.0-CUDA-11.8.0/lib/libcilkrts.so.5 (0x00007f4f2e200000)
	libgcc_s.so.1 => /home/punzueta/.conda/envs/spk/lib/libgcc_s.so.1 (0x00007f4f5710a000)
	libc.so.6 => /lib/x86_64-linux-gnu/libc.so.6 (0x00007f4f2dfd7000)
	/lib64/ld-linux-x86-64.so.2 (0x00007f4f7b5b0000)
	libnghttp2.so.14 => /lib/x86_64-linux-gnu/libnghttp2.so.14 (0x00007f4f570e0000)
	libidn2.so.0 => /lib/x86_64-linux-gnu/libidn2.so.0 (0x00007f4f570bd000)
	librtmp.so.1 => /lib/x86_64-linux-gnu/librtmp.so.1 (0x00007f4f50fe1000)
	libssh.so.4 => /lib/x86_64-linux-gnu/libssh.so.4 (0x00007f4f50f74000)
	libpsl.so.5 => /lib/x86_64-linux-gnu/libpsl.so.5 (0x00007f4f570a9000)
	libgssapi_krb5.so.2 => /lib/x86_64-linux-gnu/libgssapi_krb5.so.2 (0x00007f4f50f20000)
	libldap-2.5.so.0 => /lib/x86_64-linux-gnu/libldap-2.5.so.0 (0x00007f4f3ffa1000)
	liblber-2.5.so.0 => /lib/x86_64-linux-gnu/liblber-2.5.so.0 (0x00007f4f56c65000)
	libzstd.so.1 => /home/punzueta/.conda/envs/spk/lib/libzstd.so.1 (0x00007f4f2eb32000)
	libbrotlidec.so.1 => /home/punzueta/.conda/envs/spk/lib/libbrotlidec.so.1 (0x00007f4f50f12000)
	libz.so.1 => /home/punzueta/.conda/envs/spk/lib/libz.so.1 (0x00007f4f50ef8000)
	librt.so.1 => /lib/x86_64-linux-gnu/librt.so.1 (0x00007f4f56c60000)
	libdl.so.2 => /lib/x86_64-linux-gnu/libdl.so.2 (0x00007f4f50ef3000)
	libifport.so.5 => /global/software/intel/2023.2.0/compiler/2023.2.0/linux/compiler/lib/intel64_lin/libifport.so.5 (0x00007f4f3ff77000)
	libifcoremt.so.5 => /global/software/intel/2023.2.0/compiler/2023.2.0/linux/compiler/lib/intel64_lin/libifcoremt.so.5 (0x00007f4f2e486000)
	libimf.so => /global/software/intel/2023.2.0/compiler/2023.2.0/linux/compiler/lib/intel64_lin/libimf.so (0x00007f4f2dbed000)
	libsvml.so => /global/software/intel/2023.2.0/compiler/2023.2.0/linux/compiler/lib/intel64_lin/libsvml.so (0x00007f4f2c5be000)
	libintlc.so.5 => /global/software/intel/2023.2.0/compiler/2023.2.0/linux/compiler/lib/intel64_lin/libintlc.so.5 (0x00007f4f3feff000)
	libirng.so => /global/software/intel/2023.2.0/compiler/2023.2.0/linux/compiler/lib/intel64_lin/libirng.so (0x00007f4f2c200000)
	libpthread.so.0 => /lib/x86_64-linux-gnu/libpthread.so.0 (0x00007f4f50eec000)
	libcublasLt.so.11 => /global/software/CUDA/11.8.0/lib64/libcublasLt.so.11 (0x00007f4f07c00000)
	libunistring.so.2 => /lib/x86_64-linux-gnu/libunistring.so.2 (0x00007f4f07a56000)
	libgnutls.so.30 => /lib/x86_64-linux-gnu/libgnutls.so.30 (0x00007f4f0786b000)
	libhogweed.so.6 => /lib/x86_64-linux-gnu/libhogweed.so.6 (0x00007f4f2eaea000)
	libnettle.so.8 => /lib/x86_64-linux-gnu/libnettle.so.8 (0x00007f4f2eaa4000)
	libgmp.so.10 => /lib/x86_64-linux-gnu/libgmp.so.10 (0x00007f4f2c53c000)
	libkrb5.so.3 => /lib/x86_64-linux-gnu/libkrb5.so.3 (0x00007f4f077a0000)
	libk5crypto.so.3 => /lib/x86_64-linux-gnu/libk5crypto.so.3 (0x00007f4f2ea75000)
	libcom_err.so.2 => /lib/x86_64-linux-gnu/libcom_err.so.2 (0x00007f4f50ee2000)
	libkrb5support.so.0 => /lib/x86_64-linux-gnu/libkrb5support.so.0 (0x00007f4f2ea67000)
	libsasl2.so.2 => /lib/x86_64-linux-gnu/libsasl2.so.2 (0x00007f4f2ea4c000)
	libbrotlicommon.so.1 => /home/punzueta/.conda/envs/spk/lib/./libbrotlicommon.so.1 (0x00007f4f2e463000)
	libp11-kit.so.0 => /lib/x86_64-linux-gnu/libp11-kit.so.0 (0x00007f4f07665000)
	libtasn1.so.6 => /lib/x86_64-linux-gnu/libtasn1.so.6 (0x00007f4f2e44b000)
	libkeyutils.so.1 => /lib/x86_64-linux-gnu/libkeyutils.so.1 (0x00007f4f3fef8000)
	libresolv.so.2 => /lib/x86_64-linux-gnu/libresolv.so.2 (0x00007f4f2c528000)
	libffi.so.8 => /home/punzueta/.conda/envs/spk/lib/libffi.so.8 (0x00007f4f2e43f000)
#################################################################################################

Cannot find license.dat file in the TeraChem installation directory /global/software/TeraChem/2021.02-intel-2023.2.0-CUDA-11.8.0


TRYING THE NETWORK LICENSE...
Connecting to license server '54.208.252.40' port '8877'...
Connected!
Checking your license...

**************************************************************
  Greetings, Martinez Group! You have 1000 licenses in total
  IN USE: 40
  AVAILABLE: 960
**************************************************************

Jobname: geom
Scratch directory: ./scr.geom
Random number seed: 1481935321

XYZ coordinates geom.xyz
Molden File Output: ./scr.geom/geom.molden
Using basis set: cc-pvdz
Activated CCBox
dmrgstart not found
Spin multiplicity: 1
DIIS will use up to 10 vectors.
Condition number limit for the DIIS overlap matrix is            0
WF convergence threshold: 1.00e-10
Using DIIS algorithm to converge WF
Maximum number of SCF iterations: 100
Incremental fock with rebuild every 8 iterations
Will switch to conventional Fock if diffuse functions are detected
X-matrix tolerance: 1.00e-06
PRECISION: DOUBLE
DFT Functional requested: hf
Method: Hartree-Fock 
Wavefunction: RESTRICTED
Initial guess generated by maximum overlap

********************************************
***** SINGLE POINT ENERGY CALCULATIONS *****
********************************************

using 1 out of 1 CUDA devices
   Device 0: NVIDIA A100-SXM4-40GB, 40370MB, CC 8.0 -- CPU THREAD 0
-------------------------------------------------------------------
Compiled with MAGMA support.  MAGMA parameters:
    Matrices larger than 5000 square will be treated with MAGMA
       (Change by setting the MagmaMinN environment variable)
    Magma will use 1 out of 1 GPUs
       (Change by setting the MagmaNGPUs environment variable)
-------------------------------------------------------------------
 CPU Memory Available: 64451.00 MegaWords 
 GPU Memory Available: 4790.25 MegaWords 
 Maximum recommended basis set size: 26600 basis functions
 (limited by GPU memory)
-------------------------------------------------------------------
Using d-functions. Configuring GPUs accordingly.
0: CUBLAS initialized, available GPU memory: 32595MB

****** QM coordinates ******
H         1.1610000000         0.0661000000         1.0238000000  
C         0.6579000000        -0.0045000000         0.0639000000  
H         1.3352000000        -0.0830000000        -0.7815000000  
C        -0.6579000000         0.0045000000        -0.0639000000  
H        -1.3355000000         0.0830000000         0.7812000000  
H        -1.1608000000        -0.0661000000        -1.0239000000  

Basis set:       cc-pvdz
Total atoms:     6
Total charge:    0
Total electrons: 16 (8-alpha, 8-beta)
Number electrons modeled by ECPs: 0
Total orbitals:  50
Total AO shells: 24 (14 S-shells; 8 P-shells; 2 D-shells; 0 F-shells; 0 G-shells)
Spin multiplicity: 1
Nuclear repulsion energy (QM atoms): 33.439188024729 a.u.


                      *** Start SCF Iterations ***

 Iter     DIIS Error       Energy change         Energy        Time(s)
------------------------------------------------------------------------
Purifying guess...Purification run on CPU (double precision)  using TC2 purification.
Density matrix purification finished after a total of 0 matrix multiplies
   1     0.4869930029     -77.3208702282     -77.3208702282     0.03  
   2     0.1941323126      -0.6211910682     -77.9420612963     0.02  
   3     0.0369926634      -0.0939607533     -78.0360220497     0.02  
   4     0.0084715833      -0.0036063987     -78.0396284484     0.02  
   5     0.0009314596      -0.0001714586     -78.0397999070     0.02  
   6     0.0002561629      -0.0000031884     -78.0398030954     0.02  
   7     0.0000895634      -0.0000002207     -78.0398033161     0.02  
   8     0.0000157073      -0.0000000222     -78.0398033383     0.02  
   9     0.0000012344      -0.0000000008     -78.0398033391     0.02  
  10     0.0000001985      -0.0000000000     -78.0398033391     0.02  
  11     0.0000001094      +0.0000000000     -78.0398033391     0.02  
  12     0.0000000335      +0.0000000000     -78.0398033391     0.02  
  13     0.0000000087      +0.0000000000     -78.0398033391     0.02  
  14     0.0000000009      -0.0000000000     -78.0398033391     0.02  
  15     0.0000000003      -0.0000000000     -78.0398033391     0.02  
  16     0.0000000001      +0.0000000000     -78.0398033391     0.01  
------------------------------------------------------------------------
FINAL ENERGY: -78.0398033391 a.u.
HOMO-LUMO GAP: 14.888 eV
CENTER OF MASS: {-0.000004, 0.000000, -0.000014} ANGS
DIPOLE MOMENT: {-0.000063, 0.000020, -0.000026} (|D| = 0.000071) DEBYE
Writing out molden info

Running Mulliken population analysis...


  Restricted CIS Parameters
--------------------------------------------
Number of occupied orbitals:             8
Number of virtual orbitals:             42
Number of molecular orbitals:           50
Number of basis functions:              50
Multiplicity of target state:      singlet

      Davidson Diagonalization Parameters
-----------------------------------------------
Number of roots to find:                    8
Number of guess vectors:                   20
Maximum subspace size:                     50
Number of vectors to save:                  8
Collapse vectors per root:                  2
Number of CSFs:                           336
Maximum Davidson iterations:              100
Residual convergence:                 1.0e-04
Orthogonality tolerance:              1.0e-12
Use incremental sigma vectors:             No

Davidson memory usage: 352.29 kB

Guess Vectors:
  8 ->  9 : D -> V :     0.547130
  8 -> 10 : D -> V :     0.581006
  8 -> 11 : D -> V :     0.609856
  8 -> 12 : D -> V :     0.612300
  7 ->  9 : D -> V :     0.666578
  8 -> 13 : D -> V :     0.681592
  7 -> 10 : D -> V :     0.700454
  7 -> 11 : D -> V :     0.729304
  7 -> 12 : D -> V :     0.731748
  6 ->  9 : D -> V :     0.762240
  6 -> 10 : D -> V :     0.796115
  7 -> 13 : D -> V :     0.801040
  5 ->  9 : D -> V :     0.803483
  6 -> 11 : D -> V :     0.824965
  6 -> 12 : D -> V :     0.827409
  5 -> 10 : D -> V :     0.837359
  8 -> 14 : D -> V :     0.847645
  5 -> 11 : D -> V :     0.866208
  5 -> 12 : D -> V :     0.868653
  6 -> 13 : D -> V :     0.896701

  Root           Eigenvalue       Energy Change        Residual
-------------------------------------------------------------------
Iteration:    0   Subspace Size:   20
Root: 1:         0.34453515         0.34453515         0.06056820  
Root: 2:         0.35304250         0.35304250         0.08735111  
Root: 3:         0.35711702         0.35711702         0.20861800  
Root: 4:         0.36541569         0.36541569         0.08029795  
Root: 5:         0.38666489         0.38666489         0.06691959  
Root: 6:         0.41829296         0.41829296         0.11741425  
Root: 7:         0.45411109         0.45411109         0.07362953  
Root: 8:         0.46158782         0.46158782         0.07023602  

Iteration:    1   Subspace Size:   28
Root: 1:         0.31417733        -0.03035783         0.03591376  
Root: 2:         0.33936187        -0.01368063         0.00699953  
Root: 3:         0.34167887        -0.01543815         0.01043762  
Root: 4:         0.35351091        -0.01190478         0.00878037  
Root: 5:         0.37927600        -0.00738889         0.00806467  
Root: 6:         0.39717523        -0.02111773         0.02000143  
Root: 7:         0.44542795        -0.00868314         0.01106372  
Root: 8:         0.45215127        -0.00943655         0.00897480  

Iteration:    2   Subspace Size:   36
Root: 1:         0.31250736        -0.00166997         0.00726271  
Root: 2:         0.33930433        -0.00005754         0.00190383  
Root: 3:         0.34152629        -0.00015257         0.00202963  
Root: 4:         0.35339819        -0.00011272         0.00247051  
Root: 5:         0.37921972        -0.00005628         0.00108336  
Root: 6:         0.39686534        -0.00030989         0.00351256  
Root: 7:         0.44530463        -0.00012332         0.00211621  
Root: 8:         0.45207732        -0.00007396         0.00326150  

Iteration:    3   Subspace Size:   44
Root: 1:         0.31248400        -0.00002336         0.00121560  
Root: 2:         0.33930112        -0.00000321         0.00036554  
Root: 3:         0.34152391        -0.00000238         0.00007905  Converged
Root: 4:         0.35339514        -0.00000305         0.00015359  
Root: 5:         0.37921874        -0.00000098         0.00017189  
Root: 6:         0.39685976        -0.00000558         0.00057544  
Root: 7:         0.44530138        -0.00000324         0.00042790  
Root: 8:         0.45206281        -0.00001451         0.00059677  

Iteration:    4   Subspace Size:   50
Root: 1:         0.31248356        -0.00000044         0.00013402  
Root: 2:         0.33930107        -0.00000006         0.00006552  Converged
Root: 3:         0.34152391        -0.00000000         0.00007513  Converged
Root: 4:         0.35339514        -0.00000001         0.00001546  Converged
Root: 5:         0.37921872        -0.00000002         0.00002960  Converged
Root: 6:         0.39685963        -0.00000013         0.00008373  Converged
Root: 7:         0.44530129        -0.00000009         0.00008583  Converged
Root: 8:         0.45206281        -0.00000000         0.00059677  
Collapsing subspace to 10 vectors

Iteration:    5   Subspace Size:   10
Root: 1:         0.31248356        -0.00000000         0.00013402  
Root: 2:         0.33930107        -0.00000000         0.00006552  Converged
Root: 3:         0.34152391        -0.00000000         0.00007513  Converged
Root: 4:         0.35339514        -0.00000000         0.00001546  Converged
Root: 5:         0.37921872         0.00000000         0.00002960  Converged
Root: 6:         0.39685963         0.00000000         0.00008373  Converged
Root: 7:         0.44530129         0.00000000         0.00008583  Converged
Root: 8:         0.45206281         0.00000000         0.00059677  

Iteration:    6   Subspace Size:   12
Root: 1:         0.31248356        -0.00000000         0.00002356  Converged
Root: 2:         0.33930107         0.00000000         0.00006552  Converged
Root: 3:         0.34152391         0.00000000         0.00007513  Converged
Root: 4:         0.35339514        -0.00000000         0.00001546  Converged
Root: 5:         0.37921872         0.00000000         0.00002960  Converged
Root: 6:         0.39685963        -0.00000000         0.00008373  Converged
Root: 7:         0.44530129        -0.00000000         0.00008583  Converged
Root: 8:         0.45206246        -0.00000035         0.00012474  

Iteration:    7   Subspace Size:   13
Root: 1:         0.31248356        -0.00000000         0.00002356  Converged
Root: 2:         0.33930107        -0.00000000         0.00006552  Converged
Root: 3:         0.34152391        -0.00000000         0.00007513  Converged
Root: 4:         0.35339514         0.00000000         0.00001546  Converged
Root: 5:         0.37921872        -0.00000000         0.00002960  Converged
Root: 6:         0.39685963        -0.00000000         0.00008373  Converged
Root: 7:         0.44530129        -0.00000000         0.00008583  Converged
Root: 8:         0.45206245        -0.00000001         0.00002529  Converged

Davidson converged in 7 iterations
53 sigma vectors were formed

  CCBox Parameters
-------------------------
  CCSD:             yes
  EOM-CCSD:         yes
  CVS-EOM-CCSD:      no
  EOM-IP-CCSD:       no
  Properties:        no
  NTOs:              no
  Timings:           no
  Use scratch disk:  no
  CPU threads:        0

  Reference Wavefunction Parameters
--------------------------------------------------
  Number of core orbitals:                     2
  Number of active occupied orbitals:          6
  Number of virtual orbitals:                 42
  Number of molecular orbitals:               50
  Number of basis functions:                  50

  Integral Generation Parameters
------------------------------------------------
  Use GPU accelerated Cholesky:             no
  Cholesky decomposition threshold:   1.00e-08
  Maximum Cholesky length:          2147483647
  Cholesky screening threshold:       1.00e-14
  Cholesky SP/DP threshold:           0.00e+00
  Fock screening threshold:           1.00e-14
  Fock SP/DP threshold:               0.00e+00

  Reference Energy (from TeraChem)    =     -78.0398033391136607 [H]
  Reference Energy (recalculated)     =     -78.0398033391338117 [H]

   0     3.506e+00
   2     8.193e-01
  32     9.825e-02
 101     9.908e-03
 149     9.737e-04
 221     9.893e-05
 292     9.813e-06
 380     9.993e-07
 487     9.985e-08
 589     9.934e-09

Cholesky Time:       0.76 sec

  CCSD Parameters
---------------------------------------------
  Residual convergence:            1.00e-08
  Energy convergence:              1.00e-06
  Maximum number of iterations:         100
  Number of DIIS vectors:                 5

  1     -2.77486134106800E-01      1.39456898905157E-01
  2     -2.96319668582445E-01      4.38067708997602E-02
  3     -3.05793150935800E-01      1.20900316063850E-02
  4     -3.06712227695453E-01      4.55991611463633E-03
  5     -3.07191243242931E-01      1.11517041176387E-03
  6     -3.07253785004902E-01      2.61721293240622E-04
  7     -3.07249604252912E-01      7.06926504563307E-05
  8     -3.07253785289031E-01      1.66703923456274E-05
  9     -3.07253462237033E-01      4.28214197158309E-06
 10     -3.07253800991531E-01      1.47795476322383E-06
 11     -3.07253845101242E-01      5.52929911475636E-07
 12     -3.07253890520603E-01      1.72721083444582E-07
 13     -3.07253903236078E-01      5.56923377194309E-08
 14     -3.07253904959863E-01      2.01293201288848E-08
 15     -3.07253906318100E-01      5.18098649082354E-09

CCSD converged

  ---------------------------------------------------------
  ====================> CCSD Energies <=================== 
  ---------------------------------------------------------
  Reference  Energy         =     -78.0398033391338117 [H]
  Correlation Energy        =      -0.3072539063181001 [H]
  Total Energy              =     -78.3470572454519072 [H]
  ---------------------------------------------------------

  D1 Diagnostic             =                 0.029213

Largest singles amplitudes:
     -0.023898: 5 -> 8
     -0.015663: 5 -> 19
     -0.006568: 2 -> 7
     -0.006082: 5 -> 29
      0.004756: 4 -> 33
Largest doubles amplitudes:
     -0.134515: 61740: 5 5 -> 0 0
      0.044108: 61751: 5 5 -> 0 11
      0.044108: 62202: 5 5 -> 11 0
     -0.026412: 62084: 5 5 -> 8 8
     -0.025794: 49693: 4 4 -> 7 7

  EOM-CCSD Parameters
---------------------------------------------
  Number of states:                       4
  Residual convergence:            1.00e-08
  Maximum number of iterations:         100
  Maximum size of subspace:              28
  Number of guess singles:                8
  Number of guess doubles:                0

N: 8
Root  1:   0.4022964357   0.0934183636  
Root  2:   0.4184905873   0.0485709206  
Root  3:   0.4283523246   0.0546975931  
Root  4:   0.4388449546   0.0574412482  

N: 12
Root  1:   0.3279599850   0.0260508949  
Root  2:   0.3296547123   0.0131931463  
Root  3:   0.3405122356   0.0122188491  
Root  4:   0.3600058518   0.0126626452  

N: 16
Root  1:   0.3247985034   0.0072357969  
Root  2:   0.3291457492   0.0041753853  
Root  3:   0.3396081351   0.0037412972  
Root  4:   0.3593396741   0.0024053749  

N: 20
Root  1:   0.3248827387   0.0018709275  
Root  2:   0.3295098107   0.0016010060  
Root  3:   0.3400424572   0.0015264021  
Root  4:   0.3596043315   0.0005644720  

N: 24
Root  1:   0.3248030328   0.0003508228  
Root  2:   0.3294397434   0.0003199366  
Root  3:   0.3399164936   0.0006378381  
Root  4:   0.3595809580   0.0001308764  

N: 4
Root  1:   0.3248189391   0.0000801507  
Root  2:   0.3293875093   0.0003364903  
Root  3:   0.3398941119   0.0001642951  
Root  4:   0.3595875019   0.0000393553  

N: 8
Root  1:   0.3248180840   0.0000493145  
Root  2:   0.3294002248   0.0001200612  
Root  3:   0.3398918637   0.0001030739  
Root  4:   0.3595885114   0.0000131252  

N: 12
Root  1:   0.3248204044   0.0000095972  
Root  2:   0.3293930082   0.0000857285  
Root  3:   0.3398855054   0.0000334193  
Root  4:   0.3595883913   0.0000036188  

N: 16
Root  1:   0.3248198260   0.0000027156  
Root  2:   0.3293901735   0.0000411825  
Root  3:   0.3398833019   0.0000118189  
Root  4:   0.3595882541   0.0000011055  

N: 20
Root  1:   0.3248199443   0.0000007843  
Root  2:   0.3293867252   0.0000105714  
Root  3:   0.3398840871   0.0000038663  
Root  4:   0.3595882508   0.0000007616  

N: 24
Root  1:   0.3248200077   0.0000001927  
Root  2:   0.3293912937   0.0000053450  
Root  3:   0.3398851712   0.0000008352  
Root  4:   0.3595884557   0.0000006369  

N: 4
Root  1:   0.3248200884   0.0000000507  
Root  2:   0.3293909286   0.0000009148  
Root  3:   0.3398853623   0.0000002781  
Root  4:   0.3595885341   0.0000007864  

N: 8
Root  1:   0.3248200687   0.0000000453  
Root  2:   0.3293911681   0.0000004633  
Root  3:   0.3398852976   0.0000001254  
Root  4:   0.3595883489   0.0000003568  

N: 12
Root  1:   0.3248200800   0.0000000290  
Root  2:   0.3293909872   0.0000002353  
Root  3:   0.3398852974   0.0000000374  
Root  4:   0.3595882971   0.0000002073  

N: 16
Root  1:   0.3248200778   0.0000000161  
Root  2:   0.3293910325   0.0000000887  
Root  3:   0.3398852989   0.0000000095 c
Root  4:   0.3595883304   0.0000002849  

N: 19
Root  1:   0.3248200774   0.0000000049 c
Root  2:   0.3293910314   0.0000000235  
Root  3:   0.3398852989   0.0000000095 c
Root  4:   0.3595883680   0.0000002805  

N: 21
Root  1:   0.3248200775   0.0000000039 c
Root  2:   0.3293910332   0.0000000099 c
Root  3:   0.3398852989   0.0000000095 c
Root  4:   0.3595883302   0.0000001008  

N: 22
Root  1:   0.3248200775   0.0000000038 c
Root  2:   0.3293910332   0.0000000099 c
Root  3:   0.3398852989   0.0000000094 c
Root  4:   0.3595883268   0.0000000269  

N: 23
Root  1:   0.3248200774   0.0000000039 c
Root  2:   0.3293910332   0.0000000099 c
Root  3:   0.3398852989   0.0000000094 c
Root  4:   0.3595883248   0.0000000209  

N: 24
Root  1:   0.3248200774   0.0000000040 c
Root  2:   0.3293910332   0.0000000099 c
Root  3:   0.3398852989   0.0000000094 c
Root  4:   0.3595883246   0.0000000152  

N: 25
Root  1:   0.3248200775   0.0000000037 c
Root  2:   0.3293910332   0.0000000099 c
Root  3:   0.3398852989   0.0000000095 c
Root  4:   0.3595883256   0.0000000080 c


  ---------------------------------------------------------------
  =====================> EOM-CCSD Energies <=====================
  ---------------------------------------------------------------
  Root  0:     -78.3470572454519072
  Root  1:     -78.0222371679626576   0.3248200775   8.8388025602
  Root  2:     -78.0176662122834017   0.3293910332   8.9631845721
  Root  3:     -78.0071719465411775   0.3398852989   9.2487480251
  Root  4:     -77.9874689198364450   0.3595883256   9.7848945719
  ---------------------------------------------------------------

Root  1: Largest singles coefficients:
      0.937070: 4 -> 0
     -0.194493: 5 -> 2
     -0.114238: 4 -> 11
      0.040120: 5 -> 7
      0.024580: 5 -> 12
         Largest doubles coefficients:
      0.133422: 29988: 2 5 -> 0 0
      0.133422: 56448: 5 2 -> 0 0
     -0.048707: 17650: 1 4 -> 0 10
     -0.048707: 44520: 4 1 -> 10 0
      0.046381: 28231: 2 4 -> 0 7

  r0:    -0.000000

Root  2: Largest singles coefficients:
     -0.955217: 5 -> 0
      0.094362: 1 -> 1
      0.092739: 4 -> 7
     -0.092116: 3 -> 5
      0.083017: 2 -> 4
         Largest doubles coefficients:
     -0.061185: 61759: 5 5 -> 0 19
     -0.061185: 62538: 5 5 -> 19 0
      0.055699: 62087: 5 5 -> 8 11
      0.055699: 62210: 5 5 -> 11 8
     -0.049775: 1764: 0 1 -> 0 0

  r0:    -0.000001

Root  3: Largest singles coefficients:
     -0.965871: 5 -> 1
     -0.083367: 5 -> 14
      0.042115: 1 -> 0
     -0.041449: 5 -> 9
     -0.014233: 5 -> 6
         Largest doubles coefficients:
      0.098547: 61743: 5 5 -> 0 3
      0.098547: 61866: 5 5 -> 3 0
     -0.055159: 30073: 2 5 -> 2 1
     -0.055159: 56492: 5 2 -> 1 2
     -0.045542: 51325: 4 5 -> 4 1

  r0:     0.000000

Root  4: Largest singles coefficients:
     -0.941570: 5 -> 2
     -0.200295: 4 -> 0
      0.114909: 5 -> 12
      0.104228: 5 -> 7
      0.019071: 4 -> 11
         Largest doubles coefficients:
      0.070491: 61744: 5 5 -> 0 4
      0.070491: 61908: 5 5 -> 4 0
     -0.055364: 30074: 2 5 -> 2 2
     -0.055364: 56534: 5 2 -> 2 2
      0.042566: 61753: 5 5 -> 0 13

  r0:    -0.000000

CCSD Time:      14.89 sec

Total CCBox Time:      15.68 sec

Total processing time: 17.55 sec 

 Job finished: Tue Aug 27 15:30:37 2024

